2026-08-21T08:31:40.224213Z	Cloning repository...
2026-08-21T08:31:41.483195Z	From https://github.com/90renrocraftcracksblogspotcom/askinglucidly
2026-08-21T08:31:41.483551Z	 * branch            0648011bf1121e33067579f3396f4590cc2d1389 -> FETCH_HEAD
2026-08-21T08:31:41.483617Z	
2026-08-21T08:31:41.504079Z	HEAD is now at 0648011 Wire up real functional chat logic to /api/chat
2026-08-21T08:31:41.50449Z	
2026-08-21T08:31:41.552852Z	
2026-08-21T08:31:41.553189Z	Using v2 root directory strategy
2026-08-21T08:31:41.569688Z	Success: Finished cloning repository files
2026-08-21T08:31:43.047241Z	Checking for configuration in a Wrangler configuration file (BETA)
2026-08-21T08:31:43.048172Z	
2026-08-21T08:31:43.217725Z	No Wrangler configuration file found. Continuing.
2026-08-21T08:31:43.418592Z	Detected the following tools from environment: npm@10.9.2, nodejs@22.16.0
2026-08-21T08:31:43.41903Z	Installing project dependencies: npm clean-install --progress=false
2026-08-21T08:31:50.938617Z	npm warn deprecated eslint@9.39.5: This version is no longer supported. Please see https://eslint.org/version-support for other options.
2026-08-21T08:31:58.971637Z	
2026-08-21T08:31:58.97221Z	added 523 packages, and audited 524 packages in 15s
2026-08-21T08:31:58.972389Z	
2026-08-21T08:31:58.972561Z	215 packages are looking for funding
2026-08-21T08:31:58.972772Z	  run `npm fund` for details
2026-08-21T08:31:58.972882Z	
2026-08-21T08:31:58.972999Z	found 0 vulnerabilities
2026-08-21T08:31:59.039869Z	Executing user command: npm run build
2026-08-21T08:32:00.113377Z	
2026-08-21T08:32:00.11409Z	> ask-lucidity@0.1.0 build
2026-08-21T08:32:00.114233Z	> next build
2026-08-21T08:32:00.11431Z	
2026-08-21T08:32:00.826938Z	▲ Next.js 16.3.1 (Turbopack)
2026-08-21T08:32:00.915741Z	✓ Running next.config.ts took 85ms
2026-08-21T08:32:00.918846Z	⚠ No build cache found. Please configure build caching for faster rebuilds. Read more: https://nextjs.org/docs/messages/no-cache
2026-08-21T08:32:00.935582Z	Attention: Next.js now collects completely anonymous telemetry regarding usage.
2026-08-21T08:32:00.935811Z	This information is used to shape Next.js' roadmap and prioritize features.
2026-08-21T08:32:00.935884Z	You can learn more, including how to opt-out if you'd not like to participate in this anonymous program, by visiting the following URL:
2026-08-21T08:32:00.935951Z	https://nextjs.org/telemetry
2026-08-21T08:32:00.936022Z	
2026-08-21T08:32:00.981059Z	
2026-08-21T08:32:01.268468Z	  Creating an optimized production build ...
2026-08-21T08:32:10.141745Z	✓ Compiled successfully in 8.4s
2026-08-21T08:32:10.152119Z	  Running TypeScript ...
2026-08-21T08:32:12.845615Z	  Finished TypeScript in 2.7s ...
2026-08-21T08:32:12.850287Z	  Collecting page data using 3 workers ...
2026-08-21T08:32:13.398449Z	  Generating static pages using 3 workers (0/4) ...
2026-08-21T08:32:13.723195Z	  Generating static pages using 3 workers (1/4) 
2026-08-21T08:32:13.757571Z	Error occurred prerendering page "/". Read more: https://nextjs.org/docs/messages/prerender-error
2026-08-21T08:32:14.577252Z	Error [FirebaseError]: Firebase: Error (auth/invalid-api-key).
2026-08-21T08:32:14.577587Z	    at ignore-listed frames {
2026-08-21T08:32:14.577722Z	  code: 'auth/invalid-api-key',
2026-08-21T08:32:14.577803Z	  customData: { appName: '[DEFAULT]' },
2026-08-21T08:32:14.577856Z	  digest: '2186141841'
2026-08-21T08:32:14.577907Z	}
2026-08-21T08:32:14.577984Z	Export encountered an error on /page: /, exiting the build.
2026-08-21T08:32:14.619146Z	⨯ Next.js build worker exited with code: 1 and signal: null
2026-08-21T08:32:14.665469Z	Failed: Error while executing user command. Exited with error code: 1
2026-08-21T08:32:14.672162Z	Failed: build command exited with code: 1
2026-08-21T08:32:15.293996Z	Failed: error occurred while running build command