2026-08-21T09:33:37.915822Z	Cloning repository...
2026-08-21T09:33:43.111148Z	From https://github.com/90renrocraftcracksblogspotcom/askinglucidly
2026-08-21T09:33:43.111582Z	 * branch            ba561cf25ab26486ed2261fb8c765fb1cb8a31c7 -> FETCH_HEAD
2026-08-21T09:33:43.11169Z	
2026-08-21T09:33:43.155893Z	HEAD is now at ba561cf fix: Escape quote entity in login page to satisfy Next.js ESLint
2026-08-21T09:33:43.156286Z	
2026-08-21T09:33:43.203039Z	
2026-08-21T09:33:43.203379Z	Using v2 root directory strategy
2026-08-21T09:33:43.218028Z	Success: Finished cloning repository files
2026-08-21T09:33:43.773064Z	Restoring from dependencies cache
2026-08-21T09:33:43.790315Z	Restoring from build output cache
2026-08-21T09:33:48.978746Z	Checking for configuration in a Wrangler configuration file (BETA)
2026-08-21T09:33:48.97925Z	
2026-08-21T09:33:49.139225Z	No Wrangler configuration file found. Continuing.
2026-08-21T09:33:49.332421Z	Detected the following tools from environment: npm@10.9.2, pnpm@10.11.1, nodejs@22.16.0
2026-08-21T09:33:50.601451Z	Installing project dependencies: pnpm install
2026-08-21T09:33:51.087325Z	 WARN  Ignoring not compatible lockfile at /opt/buildhome/repo/pnpm-lock.yaml
2026-08-21T09:33:51.307282Z	Progress: resolved 1, reused 0, downloaded 0, added 0
2026-08-21T09:33:51.560003Z	 WARN  deprecated eslint@8.57.1: This version is no longer supported. Please see https://eslint.org/version-support for other options.
2026-08-21T09:33:52.307892Z	Progress: resolved 44, reused 0, downloaded 35, added 0
2026-08-21T09:33:53.307849Z	Progress: resolved 52, reused 0, downloaded 50, added 0
2026-08-21T09:33:54.307776Z	Progress: resolved 52, reused 0, downloaded 51, added 0
2026-08-21T09:33:57.434874Z	 WARN  deprecated next@14.2.3: This version has a security vulnerability. Please upgrade to a patched version. See https://nextjs.org/blog/security-update-2025-12-11 for more details.
2026-08-21T09:33:57.435232Z	Progress: resolved 53, reused 0, downloaded 51, added 0
2026-08-21T09:33:58.434804Z	Progress: resolved 138, reused 0, downloaded 127, added 0
2026-08-21T09:33:59.4403Z	Progress: resolved 191, reused 0, downloaded 173, added 0
2026-08-21T09:34:00.44457Z	Progress: resolved 276, reused 0, downloaded 251, added 0
2026-08-21T09:34:01.458062Z	Progress: resolved 371, reused 0, downloaded 326, added 0
2026-08-21T09:34:02.473074Z	Progress: resolved 473, reused 0, downloaded 409, added 0
2026-08-21T09:34:03.491512Z	Progress: resolved 610, reused 0, downloaded 567, added 0
2026-08-21T09:34:03.941986Z	 WARN  7 deprecated subdependencies found: @humanwhocodes/config-array@0.13.0, @humanwhocodes/object-schema@2.0.3, glob@10.3.10, glob@7.2.3, inflight@1.0.6, rimraf@3.0.2, tar@6.2.1
2026-08-21T09:34:03.965642Z	Packages: +587
2026-08-21T09:34:03.965909Z	++++++++++++++++++++++++++++++++++++++++++++++++++++++++++++++++++++++++++++++++
2026-08-21T09:34:04.492687Z	Progress: resolved 620, reused 0, downloaded 592, added 0
2026-08-21T09:34:05.04901Z	Progress: resolved 620, reused 0, downloaded 592, added 587, done
2026-08-21T09:34:05.872983Z	
2026-08-21T09:34:05.873344Z	dependencies:
2026-08-21T09:34:05.873545Z	+ @hey-api/openapi-ts 0.43.2 (0.99.0 is available)
2026-08-21T09:34:05.873616Z	+ @microsoft/fetch-event-source 2.0.1
2026-08-21T09:34:05.87367Z	+ @next/env 14.2.35 (16.3.1 is available)
2026-08-21T09:34:05.873706Z	+ @radix-ui/react-accordion 1.2.20
2026-08-21T09:34:05.873752Z	+ @radix-ui/react-dropdown-menu 2.1.24
2026-08-21T09:34:05.873799Z	+ @radix-ui/react-hover-card 1.1.23
2026-08-21T09:34:05.873864Z	+ @radix-ui/react-icons 1.3.2
2026-08-21T09:34:05.873908Z	+ @radix-ui/react-label 2.1.15
2026-08-21T09:34:05.873939Z	+ @radix-ui/react-select 2.3.7
2026-08-21T09:34:05.873972Z	+ @radix-ui/react-separator 1.1.15
2026-08-21T09:34:05.874018Z	+ @radix-ui/react-slot 1.3.3
2026-08-21T09:34:05.874054Z	+ @radix-ui/react-switch 1.3.7
2026-08-21T09:34:05.874102Z	+ @radix-ui/react-tabs 1.1.21
2026-08-21T09:34:05.874147Z	+ @radix-ui/react-toast 1.2.23
2026-08-21T09:34:05.874182Z	+ @radix-ui/react-toggle 1.1.18
2026-08-21T09:34:05.874212Z	+ @radix-ui/react-tooltip 1.2.16
2026-08-21T09:34:05.874244Z	+ @t3-oss/env-nextjs 0.10.1 (0.13.11 is available)
2026-08-21T09:34:05.874276Z	+ @tanstack/react-query 5.101.4
2026-08-21T09:34:05.874726Z	+ @vercel/analytics 1.6.1 (2.0.1 is available)
2026-08-21T09:34:05.874948Z	+ class-variance-authority 0.7.1
2026-08-21T09:34:05.875116Z	+ clsx 2.1.1
2026-08-21T09:34:05.875267Z	+ framer-motion 11.18.2 (13.1.1 is available)
2026-08-21T09:34:05.875464Z	+ geist 1.7.2
2026-08-21T09:34:05.875525Z	+ hast-util-from-dom 5.0.1
2026-08-21T09:34:05.875633Z	+ lodash 4.18.1
2026-08-21T09:34:05.875692Z	+ lucide-react 0.376.0 (1.33.0 is available)
2026-08-21T09:34:05.875737Z	+ moment 2.30.1
2026-08-21T09:34:05.875783Z	+ next 14.2.3 (16.3.1 is available) deprecated
2026-08-21T09:34:05.875853Z	+ next-themes 0.3.0 (0.4.6 is available)
2026-08-21T09:34:05.875897Z	+ react 18.3.1 (19.2.8 is available)
2026-08-21T09:34:05.875936Z	+ react-dom 18.3.1 (19.2.8 is available)
2026-08-21T09:34:05.875971Z	+ react-icons 5.7.0
2026-08-21T09:34:05.876008Z	+ react-markdown 9.1.0 (10.1.0 is available)
2026-08-21T09:34:05.876043Z	+ react-textarea-autosize 8.5.9
2026-08-21T09:34:05.876083Z	+ rehype-raw 7.0.0
2026-08-21T09:34:05.87613Z	+ tailwind-merge 2.6.1 (3.6.0 is available)
2026-08-21T09:34:05.8762Z	+ tailwindcss-animate 1.0.7
2026-08-21T09:34:05.876264Z	+ unist-util-visit 5.1.0
2026-08-21T09:34:05.876362Z	+ unist-util-visit-parents 6.0.2
2026-08-21T09:34:05.876423Z	+ zod 3.25.76 (4.4.3 is available)
2026-08-21T09:34:05.876473Z	+ zustand 4.5.7 (5.0.15 is available)
2026-08-21T09:34:05.876515Z	
2026-08-21T09:34:05.876556Z	devDependencies:
2026-08-21T09:34:05.876601Z	+ @tailwindcss/typography 0.5.20
2026-08-21T09:34:05.876667Z	+ @types/lodash 4.17.25
2026-08-21T09:34:05.87672Z	+ @types/node 20.19.43 (26.2.0 is available)
2026-08-21T09:34:05.8768Z	+ @types/react 18.3.31 (19.2.18 is available)
2026-08-21T09:34:05.876852Z	+ @types/react-dom 18.3.7 (19.2.4 is available)
2026-08-21T09:34:05.876905Z	+ eslint 8.57.1 (10.8.1 is available) deprecated
2026-08-21T09:34:05.876957Z	+ eslint-config-next 14.2.3 (16.3.1 is available)
2026-08-21T09:34:05.877003Z	+ openapi-typescript-codegen 0.29.0 (0.31.0 is available)
2026-08-21T09:34:05.877075Z	+ postcss 8.5.26
2026-08-21T09:34:05.877134Z	+ prettier 3.9.6
2026-08-21T09:34:05.877178Z	+ tailwindcss 3.4.19 (4.3.3 is available)
2026-08-21T09:34:05.877211Z	+ typescript 5.9.3 (7.0.2 is available)
2026-08-21T09:34:05.877546Z	
2026-08-21T09:34:05.877761Z	╭ Warning ─────────────────────────────────────────────────────────────────────╮
2026-08-21T09:34:05.877943Z	│                                                                              │
2026-08-21T09:34:05.878135Z	│   Ignored build scripts: unrs-resolver.                                      │
2026-08-21T09:34:05.878288Z	│   Run "pnpm approve-builds" to pick which dependencies should be allowed     │
2026-08-21T09:34:05.878402Z	│   to run scripts.                                                            │
2026-08-21T09:34:05.878547Z	│                                                                              │
2026-08-21T09:34:05.87874Z	╰──────────────────────────────────────────────────────────────────────────────╯
2026-08-21T09:34:05.878883Z	
2026-08-21T09:34:05.931887Z	Done in 15.1s using pnpm v10.11.1
2026-08-21T09:34:06.054593Z	Executing user command: npm run build
2026-08-21T09:34:06.918793Z	
2026-08-21T09:34:06.919121Z	> frontend@0.1.0 build
2026-08-21T09:34:06.919534Z	> next build
2026-08-21T09:34:06.919621Z	
2026-08-21T09:34:07.600352Z	⚠ No build cache found. Please configure build caching for faster rebuilds. Read more: https://nextjs.org/docs/messages/no-cache
2026-08-21T09:34:07.60665Z	Attention: Next.js now collects completely anonymous telemetry regarding usage.
2026-08-21T09:34:07.60682Z	This information is used to shape Next.js' roadmap and prioritize features.
2026-08-21T09:34:07.606886Z	You can learn more, including how to opt-out if you'd not like to participate in this anonymous program, by visiting the following URL:
2026-08-21T09:34:07.606946Z	https://nextjs.org/telemetry
2026-08-21T09:34:07.607011Z	
2026-08-21T09:34:07.670701Z	  ▲ Next.js 14.2.3
2026-08-21T09:34:07.671079Z	
2026-08-21T09:34:07.750591Z	   Creating an optimized production build ...
2026-08-21T09:34:36.431997Z	 ✓ Compiled successfully
2026-08-21T09:34:36.432748Z	   Linting and checking validity of types ...
2026-08-21T09:34:39.04139Z	
2026-08-21T09:34:39.041737Z	./src/components/chat-panel.tsx
2026-08-21T09:34:39.041827Z	83:6  Warning: React Hook useEffect has missing dependencies: 'handleSend' and 'setThreadId'. Either include them or remove the dependency array.  react-hooks/exhaustive-deps
2026-08-21T09:34:39.041915Z	
2026-08-21T09:34:39.042034Z	./src/components/image-section.tsx
2026-08-21T09:34:39.042118Z	31:13  Warning: img elements must have an alt prop, either with meaningful text, or an empty string for decorative images.  jsx-a11y/alt-text
2026-08-21T09:34:39.042185Z	
2026-08-21T09:34:39.042245Z	info  - Need to disable some ESLint rules? Learn more here: https://nextjs.org/docs/basic-features/eslint#disabling-rules
2026-08-21T09:34:43.466432Z	Failed to compile.
2026-08-21T09:34:43.46705Z	
2026-08-21T09:34:43.467192Z	./functions/api/chat.ts:22:24
2026-08-21T09:34:43.467285Z	Type error: Property 'SERPER_API_KEY' does not exist on type 'Env'.
2026-08-21T09:34:43.467498Z	
2026-08-21T09:34:43.467572Z	[0m [90m 20 |[39m     [90m// If it's not Sonar, we must manually fetch web results using Serper[39m[0m
2026-08-21T09:34:43.467637Z	[0m [90m 21 |[39m     [36mif[39m (userModel [33m!==[39m [32m"sonar:free"[39m) {[0m
2026-08-21T09:34:43.467762Z	[0m[31m[1m>[22m[39m[90m 22 |[39m       [36mif[39m ([33m![39mcontext[33m.[39menv[33m.[39m[33mSERPER_API_KEY[39m) {[0m
2026-08-21T09:34:43.467845Z	[0m [90m    |[39m                        [31m[1m^[22m[39m[0m
2026-08-21T09:34:43.467884Z	[0m [90m 23 |[39m         console[33m.[39mwarn([32m"[AskLucidity] SERPER_API_KEY not set. Falling back to non-search generation."[39m)[33m;[39m[0m
2026-08-21T09:34:43.467993Z	[0m [90m 24 |[39m       } [36melse[39m {[0m
2026-08-21T09:34:43.468227Z	[0m [90m 25 |[39m         [36mtry[39m {[0m
2026-08-21T09:34:43.54481Z	Failed: Error while executing user command. Exited with error code: 1
2026-08-21T09:34:43.550869Z	Failed: build command exited with code: 1
2026-08-21T09:34:44.36717Z	Failed: error occurred while running build command